[34m2025-05-28 18:02:37.865 [main] INFO  c.s.it.SpringBootLogbackApplication - Starting SpringBootLogbackApplication using Java 1.8.0_431 on Honor-MagicBook16 with PID 4556 (D:\shuaihong-coding\java-shuaihong-coding\idea_project_study\SpringBoot_Logback\target\classes started by zsh in D:\shuaihong-coding\java-shuaihong-coding\idea_project_study\SpringBoot_Logback)
[0;39m[34m2025-05-28 18:02:37.867 [main] INFO  c.s.it.SpringBootLogbackApplication - No active profile set, falling back to 1 default profile: "default"
[0;39m[34m2025-05-28 18:02:38.398 [main] INFO  o.s.b.w.e.tomcat.TomcatWebServer - Tomcat initialized with port(s): 8899 (http)
[0;39m[34m2025-05-28 18:02:38.399 [main] INFO  o.a.c.core.AprLifecycleListener - Loaded Apache Tomcat Native library [1.2.38] using APR version [1.7.4].
[0;39m[34m2025-05-28 18:02:38.401 [main] INFO  o.a.c.core.AprLifecycleListener - APR capabilities: IPv6 [true], sendfile [true], accept filters [false], random [true], UDS [true].
[0;39m[34m2025-05-28 18:02:38.401 [main] INFO  o.a.c.core.AprLifecycleListener - APR/OpenSSL configuration: useAprConnector [false], useOpenSSL [true]
[0;39m[34m2025-05-28 18:02:38.404 [main] INFO  o.a.c.core.AprLifecycleListener - OpenSSL successfully initialized [OpenSSL 1.1.1v  1 Aug 2023]
[0;39m[34m2025-05-28 18:02:38.410 [main] INFO  o.a.coyote.http11.Http11NioProtocol - Initializing ProtocolHandler ["http-nio-8899"]
[0;39m[34m2025-05-28 18:02:38.410 [main] INFO  o.a.catalina.core.StandardService - Starting service [Tomcat]
[0;39m[34m2025-05-28 18:02:38.410 [main] INFO  o.a.catalina.core.StandardEngine - Starting Servlet engine: [Apache Tomcat/9.0.69]
[0;39m[34m2025-05-28 18:02:38.536 [main] INFO  o.a.c.c.C.[Tomcat].[localhost].[/] - Initializing Spring embedded WebApplicationContext
[0;39m[34m2025-05-28 18:02:38.537 [main] INFO  o.s.b.w.s.c.ServletWebServerApplicationContext - Root WebApplicationContext: initialization completed in 645 ms
[0;39m[34m2025-05-28 18:02:38.659 [main] INFO  o.s.b.a.w.s.WelcomePageHandlerMapping - Adding welcome page: class path resource [static/index.html]
[0;39m[34m2025-05-28 18:02:38.733 [main] INFO  o.a.coyote.http11.Http11NioProtocol - Starting ProtocolHandler ["http-nio-8899"]
[0;39m[34m2025-05-28 18:02:38.746 [main] INFO  o.s.b.w.e.tomcat.TomcatWebServer - Tomcat started on port(s): 8899 (http) with context path ''
[0;39m[34m2025-05-28 18:02:38.752 [main] INFO  c.s.it.SpringBootLogbackApplication - Started SpringBootLogbackApplication in 1.182 seconds (JVM running for 2.175)
[0;39m[34m2025-05-28 18:02:44.512 [http-nio-8899-exec-1] INFO  o.a.c.c.C.[Tomcat].[localhost].[/] - Initializing Spring DispatcherServlet 'dispatcherServlet'
[0;39m[34m2025-05-28 18:02:44.512 [http-nio-8899-exec-1] INFO  o.s.web.servlet.DispatcherServlet - Initializing Servlet 'dispatcherServlet'
[0;39m[34m2025-05-28 18:02:44.513 [http-nio-8899-exec-1] INFO  o.s.web.servlet.DispatcherServlet - Completed initialization in 1 ms
[0;39m[34m2025-05-28 18:02:44.534 [http-nio-8899-exec-1] INFO  c.s.it.controller.LogBackController - info信息~
[0;39m[34m2025-05-28 18:02:44.681 [http-nio-8899-exec-2] INFO  c.s.it.controller.LogBackController - info信息~
[0;39m[34m2025-05-28 18:02:44.924 [http-nio-8899-exec-3] INFO  c.s.it.controller.LogBackController - info信息~
[0;39m